{
	"page_info": {
		"total_pages": 3,
		"page_size": 10,
		"current_page": 1
	},
	"txns": [
		{
			"status": {
				"confirmed": true,
				"unconfirmed": false,
				"height": 142,
				"block_seq": 39
			},
			"time": 1429058494,
			"txn": {
				"timestamp": 1429058494,
				"length": 220,
				"type": 0,
				"txid": "c38b47bd576e3bced2a9309c3df7622064e71177f54020d77193d5cac310719c",
				"inner_hash": "7f02ba6476946668f3adcbb35e113531e6788cee4fe94bf8d8da4803e3baa7e3",
				"sigs": [
					"2a31eb55da895c59654ad3f1a11efa11b04787ab78dcf8221aeeccf137adec543765f761363390c97f429310fcb39db305494a94b30af906a2d43d5de1effbb701"
				],
				"inputs": [
					"108520145179c00f581d91e273714811fe6e82ee059d65218eea91154ebd8205"
				],
				"outputs": [
					{
						"uxid": "e79c94aa7013c7611901839236b8a1cdf70e8ef7c40b9e33f99359136de981d6",
						"dst": "R6aHqKWSQfvpdo2fGSrq4F1RYXkBWR9HHJ",
						"coins": "988790.000000",
						"hours": 48655
					},
					{
						"uxid": "df5d6e09da2585a6ac1a37aea2370fa25e9049b549049202d5417138bf033cfa",
						"dst": "2JJ8pgq8EDAnrzf9xxBJapE2qkYLefW4uF8",
						"coins": "10000.000000",
						"hours": 48655
					}
				]
			}
		},
		{
			"status": {
				"confirmed": true,
				"unconfirmed": false,
				"height": 128,
				"block_seq": 53
			},
			"time": 1429077514,
			"txn": {
				"timestamp": 1429077514,
				"length": 220,
				"type": 0,
				"txid": "d154d8262abbf517c67d529b0fea7cdf097433bd296d5795b17c6379cb1b1430",
				"inner_hash": "b69070b10e6bbc276bf155361d7f3238fec46b9d865075c1dc0fc20d81ab0a42",
				"sigs": [
					"0a4b7f385a164f5718794382d49c14a6623e7af5f1ddbefe4871c756b754457a7075e822603bd3b22b313278abebe756be92367ef7a81a8c4adf992842c2058601"
				],
				"inputs": [
					"e6d9b56e075a6adf520d1ae7fbab9ae06353ae0b93dc8cb17d82cc3628009a50"
				],
				"outputs": [
					{
						"uxid": "2df1e88589be43c55d7c6c3dbcbd663fb759b3245eb8d86b0b9cdaa989556aea",
						"dst": "R6aHqKWSQfvpdo2fGSrq4F1RYXkBWR9HHJ",
						"coins": "943750.000000",
						"hours": 2964
					},
					{
						"uxid": "c7919b892eeb751456d456b37ccde7350a3fca0dda03b17ec426a56f12dcf192",
						"dst": "2kvLEyXwAYvHfJuFCkjnYNRTUfHPyWgVwKt",
						"coins": "1000.000000",
						"hours": 2964
					}
				]
			}
		},
		{
			"status": {
				"confirmed": true,
				"unconfirmed": false,
				"height": 125,
				"block_seq": 56
			},
			"time": 1429077554,
			"txn": {
				"timestamp": 1429077554,
				"length": 220,
				"type": 0,
				"txid": "8fba29db2e3e8cad785e723f95aa5fa46ae0dd8b2bb62586977f20e698642cfb",
				"inner_hash": "dc25f33c3b93678ccc3449a318d55782a274c17cd2f45089018bd7c55b21dd96",
				"sigs": [
					"6fbe79a6f32b242f97f7e7662e6f7eb5aff065e8063864fc52159071005ffb2570c26a2d8b21a7826cf18c15f4f4ed9b718a7a9fdf1b4d5ac63bdb632452c82401"
				],
				"inputs": [
					"df5d6e09da2585a6ac1a37aea2370fa25e9049b549049202d5417138bf033cfa"
				],
				"outputs": [
					{
						"uxid": "3d7dd4d41e613fe8153f5e5f62b79494e9db9ed98f875d929ca1f90ecfe2d50b",
						"dst": "2JJ8pgq8EDAnrzf9xxBJapE2qkYLefW4uF8",
						"coins": "9000.000000",
						"hours": 12696
					},
					{
						"uxid": "9e53268a18f8d32a44b4fb183033b49bebfe9d0da3bf3ef2ad1d560500aa54c6",
						"dst": "vdLGAnCfbBkxabcVk6tEsa6RH99JTxdzbt",
						"coins": "1000.000000",
						"hours": 12696
					}
				]
			}
		},
		{
			"status": {
				"confirmed": true,
				"unconfirmed": false,
				"height": 121,
				"block_seq": 60
			},
			"time": 1429077624,
			"txn": {
				"timestamp": 1429077624,
				"length": 220,
				"type": 0,
				"txid": "77a69f4c8afd858a2f6767bb9980d4af6520e02b076bf2a78b935021e1147c71",
				"inner_hash": "65f97c460ed99ea47ea2cdfd0780af2338f78d80bff93b92dc2ccc8f2411abec",
				"sigs": [
					"7c32e34864bc9659222cb26f10058df5cf2fe0c7b78b1d067a7b5af80f4a2b146f8914f4424d9e80a3303d3d2531ddf9d60489011c607ecd5f92cefa5105eee501"
				],
				"inputs": [
					"3d7dd4d41e613fe8153f5e5f62b79494e9db9ed98f875d929ca1f90ecfe2d50b"
				],
				"outputs": [
					{
						"uxid": "77769e6a01cf3dca201ade501767d0abf20dea19d694f3272b647a9a651fdee9",
						"dst": "2JJ8pgq8EDAnrzf9xxBJapE2qkYLefW4uF8",
						"coins": "8000.000000",
						"hours": 1605
					},
					{
						"uxid": "0560bae3917bca7581af9b6c5a58e395c701ce9ed0241dac2de8a3e93c0b839b",
						"dst": "NGLS4CYvBdV9HXJDpeY8jrdQDqLeBvfAwc",
						"coins": "1000.000000",
						"hours": 1605
					}
				]
			}
		},
		{
			"status": {
				"confirmed": true,
				"unconfirmed": false,
				"height": 118,
				"block_seq": 63
			},
			"time": 1429077684,
			"txn": {
				"timestamp": 1429077684,
				"length": 220,
				"type": 0,
				"txid": "8d10b0ba11d9dd63d3a3522bc35bd260e8da9109298aa488355ea7201eb961b7",
				"inner_hash": "929218d56de3e94d277827c857a657ef8b1352f75e6938ff5cf10ac4c54d4039",
				"sigs": [
					"6c8892c3277b90f5ca71a42515706de993c459f094282fa99168359f00c5cb862811c4225cc1448e99ba2755e9f9eb241ad0df25b20f1a6ec035a673cf42ab2f00"
				],
				"inputs": [
					"77769e6a01cf3dca201ade501767d0abf20dea19d694f3272b647a9a651fdee9"
				],
				"outputs": [
					{
						"uxid": "f5867b05823c81fc53de36b140415b3b98e4f4cec5883512f8553f70c550d8e7",
						"dst": "2JJ8pgq8EDAnrzf9xxBJapE2qkYLefW4uF8",
						"coins": "7000.000000",
						"hours": 211
					},
					{
						"uxid": "9011fbc6e82dce0656e7ffc76afb014d2ad70aa4663e7b687d3212e12f8965e2",
						"dst": "2jNYhHCuqQtU8kKkLf8ZZmKj6fywTL7fw2e",
						"coins": "1000.000000",
						"hours": 211
					}
				]
			}
		},
		{
			"status": {
				"confirmed": true,
				"unconfirmed": false,
				"height": 110,
				"block_seq": 71
			},
			"time": 1429077974,
			"txn": {
				"timestamp": 1429077974,
				"length": 220,
				"type": 0,
				"txid": "abed13c2a552633d26b5b51c3ac5abf9808756c0203869ed185a7cd673702ba2",
				"inner_hash": "c176a1a85f716055a9e8060c2a4245db0d7f71f4ac5387d4a51d173db467150a",
				"sigs": [
					"40e8340047f08afd483b2867166e15ae751bb7272a2c24f68ae8561d3619ea021363e987118a2fe516cacff1946d4d6c4c249038581ee2f58f8feea4bcffc3b100"
				],
				"inputs": [
					"450cd7795bb3625daa99d6b64b9a8786d593bf1cad986d6c2933dae04b74a593"
				],
				"outputs": [
					{
						"uxid": "b44ee00208690c2123989f40edaff0224825afb20ca0952fbd90bddfd3213642",
						"dst": "R6aHqKWSQfvpdo2fGSrq4F1RYXkBWR9HHJ",
						"coins": "863750.000000",
						"hours": 0
					},
					{
						"uxid": "22edb5931e1c54382f18e41ef774931efb08c278209a1fe8a34100147b707220",
						"dst": "2JJ8pgq8EDAnrzf9xxBJapE2qkYLefW4uF8",
						"coins": "25000.000000",
						"hours": 0
					}
				]
			}
		},
		{
			"status": {
				"confirmed": true,
				"unconfirmed": false,
				"height": 108,
				"block_seq": 73
			},
			"time": 1429091164,
			"txn": {
				"timestamp": 1429091164,
				"length": 220,
				"type": 0,
				"txid": "a95317361364e8cc08a150840bac8a97ea1f56278f8834ca2a2f16c24c4a7f0f",
				"inner_hash": "90c166e92a7883037f9634704923d986976ac814f28e4761309bf86d77cdb755",
				"sigs": [
					"27ee3b614e5362462bc20c23e873e380b5bcc880053436a640286ead5fe2dcd00094e0eade532ffbfc8ba95d5e3540968b2fff64e19e0e772342aceb3c5d3ce100"
				],
				"inputs": [
					"c7919b892eeb751456d456b37ccde7350a3fca0dda03b17ec426a56f12dcf192"
				],
				"outputs": [
					{
						"uxid": "7b132c07322babefa83ab64971b7bfb29bf2cb9ffe9c42dc7e2975a185dcd8b8",
						"dst": "2kvLEyXwAYvHfJuFCkjnYNRTUfHPyWgVwKt",
						"coins": "995.000000",
						"hours": 387
					},
					{
						"uxid": "8f52e126bbc359bc3bfd230d82649c3d1c622e8f9c20dae7ccd73bd0b4ee2bad",
						"dst": "4EHiTjCsxQmt4wRy5yJxBMcxsM5yGqtuqu",
						"coins": "5.000000",
						"hours": 387
					}
				]
			}
		},
		{
			"status": {
				"confirmed": true,
				"unconfirmed": false,
				"height": 102,
				"block_seq": 79
			},
			"time": 1429147950,
			"txn": {
				"timestamp": 1429147950,
				"length": 317,
				"type": 0,
				"txid": "2558a7cd524acdb58f822a56bd51e8905182b2b35fbfdb1246ce6dc9930d14eb",
				"inner_hash": "37931a3c0b9fe54ebfd93e70c5e872ea8f68669bcd38176bc223be01f7e43aa0",
				"sigs": [
					"1d2fa9d76a29f3ce2eda062afe42f3718db434863955ed4f43a83f79dd372a922fd2774d7f5227fa253c65537418b30309932f404e788db91fac1d580d83b28101",
					"471ae24bbebd78b5d298edb81e07cc282ce8c1517a2d7426f91f177f111c93873c594e04a215bcd982220b0e6967bd328ec494811cf5eb854091e1d4552545e700"
				],
				"inputs": [
					"f5867b05823c81fc53de36b140415b3b98e4f4cec5883512f8553f70c550d8e7",
					"22edb5931e1c54382f18e41ef774931efb08c278209a1fe8a34100147b707220"
				],
				"outputs": [
					{
						"uxid": "09661724179523e8aec95862a5fd12dd1aa50f39f193f81eece0d7aea6197103",
						"dst": "2JJ8pgq8EDAnrzf9xxBJapE2qkYLefW4uF8",
						"coins": "31000.000000",
						"hours": 77792
					},
					{
						"uxid": "2a886bcedf8862c351cc4087b89e902202b08b164363567a9be47908e938f280",
						"dst": "pMub1Pz3SLVaSwHoomgp5oDVxdkVxLkW6L",
						"coins": "1000.000000",
						"hours": 77792
					}
				]
			}
		},
		{
			"status": {
				"confirmed": true,
				"unconfirmed": false,
				"height": 98,
				"block_seq": 83
			},
			"time": 1429164480,
			"txn": {
				"timestamp": 1429164480,
				"length": 220,
				"type": 0,
				"txid": "d80d49958166fd7b35cee63cfc4a4fdd434484f9bfd9444f62a1b856da36e9c7",
				"inner_hash": "ddf70f29cbcb9ab5d04848c77bb605849c5d831c80afed10f64ea2bde710b7bd",
				"sigs": [
					"21ccec8663f52b64e6d1983c5c715fc360ef1a01a0f4fce857fe7151e59b4cc87a5b6cc18f770eac98ef640eb15d572ea96b81e90a793bb01ac905778c10f0da00"
				],
				"inputs": [
					"09661724179523e8aec95862a5fd12dd1aa50f39f193f81eece0d7aea6197103"
				],
				"outputs": [
					{
						"uxid": "6a8bc7ef9e8e7b67fd270cf37022edadb13f1fc2ba4e7a026f7ce2ab30cc4572",
						"dst": "2JJ8pgq8EDAnrzf9xxBJapE2qkYLefW4uF8",
						"coins": "30000.000000",
						"hours": 27495
					},
					{
						"uxid": "a733e89023ccc12587d0849f9baeda0d2fad640c1cbe97e24ffc531859fd83fd",
						"dst": "LzniV6G4nVVvRBNo7NcCUvAz1Tzo5MajqZ",
						"coins": "1000.000000",
						"hours": 27495
					}
				]
			}
		},
		{
			"status": {
				"confirmed": true,
				"unconfirmed": false,
				"height": 97,
				"block_seq": 84
			},
			"time": 1429164590,
			"txn": {
				"timestamp": 1429164590,
				"length": 220,
				"type": 0,
				"txid": "8374d85130bbcf496bff138cd040f91fa362eb1b6b6a1c7c9285523437d5589c",
				"inner_hash": "3188ba9148add7f2811180f130de2c0668fc21c031a7329993b61bfe35f860f1",
				"sigs": [
					"93edab2b508cd33cd76c50a5aeabcbcf35472d25ba2b3f268d1cc0a4a813fbe907f4c0e645893b4efd524d30fabb6ba62d65c2ee050057885eea2ca0d2d1c21500"
				],
				"inputs": [
					"6a8bc7ef9e8e7b67fd270cf37022edadb13f1fc2ba4e7a026f7ce2ab30cc4572"
				],
				"outputs": [
					{
						"uxid": "15700b88043b3c08a46c3c4e36e7f431291a26aef1ef26c44ee413feee14b950",
						"dst": "2JJ8pgq8EDAnrzf9xxBJapE2qkYLefW4uF8",
						"coins": "29700.000000",
						"hours": 3436
					},
					{
						"uxid": "e2512ec90800147d0d9ddbd0778511ee5a45a25efcb354c50a101738a65462c5",
						"dst": "YLT4buWf3kYDV9QddnC5iXTj881Eniuvrx",
						"coins": "300.000000",
						"hours": 3436
					}
				]
			}
		}
	]
}
