[
	"139.162.121.185:9982",
	"139.162.248.183:9982",
	"172.104.164.147:9982",
	"172.104.57.147:9982",
	"172.104.99.241:9982",
	"173.230.130.174:9982",
	"45.56.109.228:9982"
]
